2026-05-05T11:55:19.605+05:30  INFO 8876 --- [farming-equipment-rental-system] [restartedMain] c.f.rental.FarmingRentalApplication      : Starting FarmingRentalApplication using Java 25.0.1 with PID 8876 (D:\Java\AgroRent\backend\target\classes started by vaibh in D:\Java\AgroRent\backend)
2026-05-05T11:55:19.619+05:30 DEBUG 8876 --- [farming-equipment-rental-system] [restartedMain] c.f.rental.FarmingRentalApplication      : Running with Spring Boot v3.2.0, Spring v6.1.1
2026-05-05T11:55:19.700+05:30  INFO 8876 --- [farming-equipment-rental-system] [restartedMain] c.f.rental.FarmingRentalApplication      : No active profile set, falling back to 1 default profile: "default"
2026-05-05T11:55:19.776+05:30  INFO 8876 --- [farming-equipment-rental-system] [restartedMain] .e.DevToolsPropertyDefaultsPostProcessor : Devtools property defaults active! Set 'spring.devtools.add-properties' to 'false' to disable
2026-05-05T11:55:19.785+05:30  INFO 8876 --- [farming-equipment-rental-system] [restartedMain] .e.DevToolsPropertyDefaultsPostProcessor : For additional web related logging consider setting the 'logging.level.web' property to 'DEBUG'
2026-05-05T11:55:20.389+05:30  INFO 8876 --- [farming-equipment-rental-system] [restartedMain] .s.d.r.c.RepositoryConfigurationDelegate : Bootstrapping Spring Data MongoDB repositories in DEFAULT mode.
2026-05-05T11:55:20.576+05:30  INFO 8876 --- [farming-equipment-rental-system] [restartedMain] .s.d.r.c.RepositoryConfigurationDelegate : Finished Spring Data repository scanning in 62 ms. Found 7 MongoDB repository interfaces.
2026-05-05T11:55:21.391+05:30  INFO 8876 --- [farming-equipment-rental-system] [restartedMain] o.s.b.w.embedded.tomcat.TomcatWebServer  : Tomcat initialized with port 8080 (http)
2026-05-05T11:55:21.401+05:30  INFO 8876 --- [farming-equipment-rental-system] [restartedMain] o.apache.catalina.core.StandardService   : Starting service [Tomcat]
2026-05-05T11:55:21.405+05:30  INFO 8876 --- [farming-equipment-rental-system] [restartedMain] o.apache.catalina.core.StandardEngine    : Starting Servlet engine: [Apache Tomcat/10.1.16]
2026-05-05T11:55:21.475+05:30  INFO 8876 --- [farming-equipment-rental-system] [restartedMain] o.a.c.c.C.[Tomcat].[localhost].[/]       : Initializing Spring embedded WebApplicationContext
2026-05-05T11:55:21.487+05:30  INFO 8876 --- [farming-equipment-rental-system] [restartedMain] w.s.c.ServletWebServerApplicationContext : Root WebApplicationContext: initialization completed in 1690 ms
2026-05-05T11:55:22.335+05:30  INFO 8876 --- [farming-equipment-rental-system] [restartedMain] org.mongodb.driver.client                : MongoClient with metadata {"driver": {"name": "mongo-java-driver|sync|spring-boot", "version": "4.11.1"}, "os": {"type": "Windows", "name": "Windows 11", "architecture": "amd64", "version": "10.0"}, "platform": "Java/Eclipse Adoptium/25.0.1+8-LTS"} created with settings MongoClientSettings{readPreference=primary, writeConcern=WriteConcern{w=null, wTimeout=null ms, journal=null}, retryWrites=true, retryReads=true, readConcern=ReadConcern{level=null}, credential=null, transportSettings=null, streamFactoryFactory=null, commandListeners=[], codecRegistry=ProvidersCodecRegistry{codecProviders=[ValueCodecProvider{}, BsonValueCodecProvider{}, DBRefCodecProvider{}, DBObjectCodecProvider{}, DocumentCodecProvider{}, CollectionCodecProvider{}, IterableCodecProvider{}, MapCodecProvider{}, GeoJsonCodecProvider{}, GridFSFileCodecProvider{}, Jsr310CodecProvider{}, JsonObjectCodecProvider{}, BsonCodecProvider{}, EnumCodecProvider{}, com.mongodb.client.model.mql.ExpressionCodecProvider@681dd2eb, com.mongodb.Jep395RecordCodecProvider@32e3b198, com.mongodb.KotlinCodecProvider@7f12d108]}, loggerSettings=LoggerSettings{maxDocumentLength=1000}, clusterSettings={hosts=[localhost:27017], srvServiceName=mongodb, mode=SINGLE, requiredClusterType=UNKNOWN, requiredReplicaSetName='null', serverSelector='null', clusterListeners='[]', serverSelectionTimeout='30000 ms', localThreshold='15 ms'}, socketSettings=SocketSettings{connectTimeoutMS=10000, readTimeoutMS=0, receiveBufferSize=0, proxySettings=ProxySettings{host=null, port=null, username=null, password=null}}, heartbeatSocketSettings=SocketSettings{connectTimeoutMS=10000, readTimeoutMS=10000, receiveBufferSize=0, proxySettings=ProxySettings{host=null, port=null, username=null, password=null}}, connectionPoolSettings=ConnectionPoolSettings{maxSize=100, minSize=0, maxWaitTimeMS=120000, maxConnectionLifeTimeMS=0, maxConnectionIdleTimeMS=0, maintenanceInitialDelayMS=0, maintenanceFrequencyMS=60000, connectionPoolListeners=[], maxConnecting=2}, serverSettings=ServerSettings{heartbeatFrequencyMS=10000, minHeartbeatFrequencyMS=500, serverListeners='[]', serverMonitorListeners='[]'}, sslSettings=SslSettings{enabled=false, invalidHostNameAllowed=false, context=null}, applicationName='null', compressorList=[], uuidRepresentation=JAVA_LEGACY, serverApi=null, autoEncryptionSettings=null, dnsClient=null, inetAddressResolver=null, contextProvider=null}
2026-05-05T11:55:22.492+05:30  INFO 8876 --- [farming-equipment-rental-system] [cluster-ClusterId{value='69f98d52e6c4185fc6841005', description='null'}-localhost:27017] org.mongodb.driver.cluster               : Monitor thread successfully connected to server with description ServerDescription{address=localhost:27017, type=STANDALONE, state=CONNECTED, ok=true, minWireVersion=0, maxWireVersion=27, maxDocumentSize=16777216, logicalSessionTimeoutMinutes=30, roundTripTimeNanos=60297600}
2026-05-05T11:55:22.728+05:30  INFO 8876 --- [farming-equipment-rental-system] [restartedMain] o.s.b.d.a.OptionalLiveReloadServer       : LiveReload server is running on port 35729
2026-05-05T11:55:24.221+05:30  WARN 8876 --- [farming-equipment-rental-system] [restartedMain] .s.s.UserDetailsServiceAutoConfiguration : 

Using generated security password: c5e0dbf5-a76f-4249-9c9a-f31f685e3aef

This generated password is for development use only. Your security configuration must be updated before running your application in production.

2026-05-05T11:55:24.789+05:30  INFO 8876 --- [farming-equipment-rental-system] [restartedMain] o.s.s.web.DefaultSecurityFilterChain     : Will secure any request with [org.springframework.security.web.session.DisableEncodeUrlFilter@8c85e71, org.springframework.security.web.context.request.async.WebAsyncManagerIntegrationFilter@5809d1b2, org.springframework.security.web.context.SecurityContextHolderFilter@12948df3, org.springframework.security.web.header.HeaderWriterFilter@7d7ff307, org.springframework.web.filter.CorsFilter@4a945eb7, org.springframework.security.web.authentication.logout.LogoutFilter@1269bd9c, org.springframework.security.web.savedrequest.RequestCacheAwareFilter@f86d93a, org.springframework.security.web.servletapi.SecurityContextHolderAwareRequestFilter@6d7c9d9d, org.springframework.security.web.authentication.AnonymousAuthenticationFilter@4c253af, org.springframework.security.web.access.ExceptionTranslationFilter@54df754b, org.springframework.security.web.access.intercept.AuthorizationFilter@2dafa7d5]
2026-05-05T11:55:25.083+05:30  WARN 8876 --- [farming-equipment-rental-system] [restartedMain] ion$DefaultTemplateResolverConfiguration : Cannot find template location: classpath:/templates/ (please add some templates, check your Thymeleaf configuration, or set spring.thymeleaf.check-template-location=false)
2026-05-05T11:55:25.393+05:30  INFO 8876 --- [farming-equipment-rental-system] [restartedMain] o.s.b.w.embedded.tomcat.TomcatWebServer  : Tomcat started on port 8080 (http) with context path ''
2026-05-05T11:55:25.410+05:30  INFO 8876 --- [farming-equipment-rental-system] [restartedMain] c.f.rental.FarmingRentalApplication      : Started FarmingRentalApplication in 6.387 seconds (process running for 6.876)
2026-05-05T11:55:36.446+05:30  INFO 8876 --- [farming-equipment-rental-system] [http-nio-8080-exec-1] o.a.c.c.C.[Tomcat].[localhost].[/]       : Initializing Spring DispatcherServlet 'dispatcherServlet'
2026-05-05T11:55:36.446+05:30  INFO 8876 --- [farming-equipment-rental-system] [http-nio-8080-exec-1] o.s.web.servlet.DispatcherServlet        : Initializing Servlet 'dispatcherServlet'
2026-05-05T11:55:36.448+05:30  INFO 8876 --- [farming-equipment-rental-system] [http-nio-8080-exec-1] o.s.web.servlet.DispatcherServlet        : Completed initialization in 1 ms
2026-05-05T11:55:36.490+05:30  WARN 8876 --- [farming-equipment-rental-system] [http-nio-8080-exec-1] o.s.w.s.h.HandlerMappingIntrospector     : Cache miss for REQUEST dispatch to '/api/public/equipment' (previous null). Performing MatchableHandlerMapping lookup. This is logged once only at WARN level, and every time at TRACE.
2026-05-05T11:58:15.143+05:30  INFO 8876 --- [farming-equipment-rental-system] [http-nio-8080-exec-16] c.f.r.controller.api.AuthApiController   : API OTP request for: vaibhavkedar88@gmail.com
2026-05-05T11:58:15.147+05:30  INFO 8876 --- [farming-equipment-rental-system] [http-nio-8080-exec-16] com.farming.rental.service.OTPService    : Generating OTP for email: vaibhavkedar88@gmail.com
2026-05-05T11:58:15.518+05:30 ERROR 8876 --- [farming-equipment-rental-system] [http-nio-8080-exec-16] c.farming.rental.service.EmailService    : Failed to send OTP email to: vaibhavkedar88@gmail.com

org.springframework.mail.MailSendException: Mail server connection failed. Failed messages: org.eclipse.angus.mail.util.MailConnectException: Couldn't connect to host, port: smtp.gmail.com, 587; timeout -1;
  nested exception is:
	java.net.UnknownHostException: smtp.gmail.com
	at org.springframework.mail.javamail.JavaMailSenderImpl.doSend(JavaMailSenderImpl.java:410) ~[spring-context-support-6.1.1.jar:6.1.1]
	at org.springframework.mail.javamail.JavaMailSenderImpl.send(JavaMailSenderImpl.java:317) ~[spring-context-support-6.1.1.jar:6.1.1]
	at org.springframework.mail.MailSender.send(MailSender.java:42) ~[spring-context-support-6.1.1.jar:6.1.1]
	at com.farming.rental.service.EmailService.sendOTP(EmailService.java:32) ~[classes/:na]
	at com.farming.rental.service.OTPService.generateOTP(OTPService.java:50) ~[classes/:na]
	at com.farming.rental.controller.api.AuthApiController.requestOTP(AuthApiController.java:35) ~[classes/:na]
	at java.base/jdk.internal.reflect.DirectMethodHandleAccessor.invoke(DirectMethodHandleAccessor.java:104) ~[na:na]
	at java.base/java.lang.reflect.Method.invoke(Method.java:565) ~[na:na]
	at org.springframework.web.method.support.InvocableHandlerMethod.doInvoke(InvocableHandlerMethod.java:254) ~[spring-web-6.1.1.jar:6.1.1]
	at org.springframework.web.method.support.InvocableHandlerMethod.invokeForRequest(InvocableHandlerMethod.java:182) ~[spring-web-6.1.1.jar:6.1.1]
	at org.springframework.web.servlet.mvc.method.annotation.ServletInvocableHandlerMethod.invokeAndHandle(ServletInvocableHandlerMethod.java:118) ~[spring-webmvc-6.1.1.jar:6.1.1]
	at org.springframework.web.servlet.mvc.method.annotation.RequestMappingHandlerAdapter.invokeHandlerMethod(RequestMappingHandlerAdapter.java:917) ~[spring-webmvc-6.1.1.jar:6.1.1]
	at org.springframework.web.servlet.mvc.method.annotation.RequestMappingHandlerAdapter.handleInternal(RequestMappingHandlerAdapter.java:829) ~[spring-webmvc-6.1.1.jar:6.1.1]
	at org.springframework.web.servlet.mvc.method.AbstractHandlerMethodAdapter.handle(AbstractHandlerMethodAdapter.java:87) ~[spring-webmvc-6.1.1.jar:6.1.1]
	at org.springframework.web.servlet.DispatcherServlet.doDispatch(DispatcherServlet.java:1089) ~[spring-webmvc-6.1.1.jar:6.1.1]
	at org.springframework.web.servlet.DispatcherServlet.doService(DispatcherServlet.java:979) ~[spring-webmvc-6.1.1.jar:6.1.1]
	at org.springframework.web.servlet.FrameworkServlet.processRequest(FrameworkServlet.java:1014) ~[spring-webmvc-6.1.1.jar:6.1.1]
	at org.springframework.web.servlet.FrameworkServlet.doPost(FrameworkServlet.java:914) ~[spring-webmvc-6.1.1.jar:6.1.1]
	at jakarta.servlet.http.HttpServlet.service(HttpServlet.java:590) ~[tomcat-embed-core-10.1.16.jar:6.0]
	at org.springframework.web.servlet.FrameworkServlet.service(FrameworkServlet.java:885) ~[spring-webmvc-6.1.1.jar:6.1.1]
	at jakarta.servlet.http.HttpServlet.service(HttpServlet.java:658) ~[tomcat-embed-core-10.1.16.jar:6.0]
	at org.apache.catalina.core.ApplicationFilterChain.internalDoFilter(ApplicationFilterChain.java:205) ~[tomcat-embed-core-10.1.16.jar:10.1.16]
	at org.apache.catalina.core.ApplicationFilterChain.doFilter(ApplicationFilterChain.java:149) ~[tomcat-embed-core-10.1.16.jar:10.1.16]
	at org.apache.tomcat.websocket.server.WsFilter.doFilter(WsFilter.java:51) ~[tomcat-embed-websocket-10.1.16.jar:10.1.16]
	at org.apache.catalina.core.ApplicationFilterChain.internalDoFilter(ApplicationFilterChain.java:174) ~[tomcat-embed-core-10.1.16.jar:10.1.16]
	at org.apache.catalina.core.ApplicationFilterChain.doFilter(ApplicationFilterChain.java:149) ~[tomcat-embed-core-10.1.16.jar:10.1.16]
	at org.springframework.web.servlet.resource.ResourceUrlEncodingFilter.doFilter(ResourceUrlEncodingFilter.java:66) ~[spring-webmvc-6.1.1.jar:6.1.1]
	at org.apache.catalina.core.ApplicationFilterChain.internalDoFilter(ApplicationFilterChain.java:174) ~[tomcat-embed-core-10.1.16.jar:10.1.16]
	at org.apache.catalina.core.ApplicationFilterChain.doFilter(ApplicationFilterChain.java:149) ~[tomcat-embed-core-10.1.16.jar:10.1.16]
	at org.springframework.security.web.FilterChainProxy.lambda$doFilterInternal$3(FilterChainProxy.java:231) ~[spring-security-web-6.2.0.jar:6.2.0]
	at org.springframework.security.web.FilterChainProxy$VirtualFilterChain.doFilter(FilterChainProxy.java:365) ~[spring-security-web-6.2.0.jar:6.2.0]
	at org.springframework.security.web.access.intercept.AuthorizationFilter.doFilter(AuthorizationFilter.java:100) ~[spring-security-web-6.2.0.jar:6.2.0]
	at org.springframework.security.web.FilterChainProxy$VirtualFilterChain.doFilter(FilterChainProxy.java:374) ~[spring-security-web-6.2.0.jar:6.2.0]
	at org.springframework.security.web.access.ExceptionTranslationFilter.doFilter(ExceptionTranslationFilter.java:126) ~[spring-security-web-6.2.0.jar:6.2.0]
	at org.springframework.security.web.access.ExceptionTranslationFilter.doFilter(ExceptionTranslationFilter.java:120) ~[spring-security-web-6.2.0.jar:6.2.0]
	at org.springframework.security.web.FilterChainProxy$VirtualFilterChain.doFilter(FilterChainProxy.java:374) ~[spring-security-web-6.2.0.jar:6.2.0]
	at org.springframework.security.web.authentication.AnonymousAuthenticationFilter.doFilter(AnonymousAuthenticationFilter.java:100) ~[spring-security-web-6.2.0.jar:6.2.0]
	at org.springframework.security.web.FilterChainProxy$VirtualFilterChain.doFilter(FilterChainProxy.java:374) ~[spring-security-web-6.2.0.jar:6.2.0]
	at org.springframework.security.web.servletapi.SecurityContextHolderAwareRequestFilter.doFilter(SecurityContextHolderAwareRequestFilter.java:179) ~[spring-security-web-6.2.0.jar:6.2.0]
	at org.springframework.security.web.FilterChainProxy$VirtualFilterChain.doFilter(FilterChainProxy.java:374) ~[spring-security-web-6.2.0.jar:6.2.0]
	at org.springframework.security.web.savedrequest.RequestCacheAwareFilter.doFilter(RequestCacheAwareFilter.java:63) ~[spring-security-web-6.2.0.jar:6.2.0]
	at org.springframework.security.web.FilterChainProxy$VirtualFilterChain.doFilter(FilterChainProxy.java:374) ~[spring-security-web-6.2.0.jar:6.2.0]
	at org.springframework.security.web.authentication.logout.LogoutFilter.doFilter(LogoutFilter.java:107) ~[spring-security-web-6.2.0.jar:6.2.0]
	at org.springframework.security.web.authentication.logout.LogoutFilter.doFilter(LogoutFilter.java:93) ~[spring-security-web-6.2.0.jar:6.2.0]
	at org.springframework.security.web.FilterChainProxy$VirtualFilterChain.doFilter(FilterChainProxy.java:374) ~[spring-security-web-6.2.0.jar:6.2.0]
	at org.springframework.web.filter.CorsFilter.doFilterInternal(CorsFilter.java:91) ~[spring-web-6.1.1.jar:6.1.1]
	at org.springframework.web.filter.OncePerRequestFilter.doFilter(OncePerRequestFilter.java:116) ~[spring-web-6.1.1.jar:6.1.1]
	at org.springframework.security.web.FilterChainProxy$VirtualFilterChain.doFilter(FilterChainProxy.java:374) ~[spring-security-web-6.2.0.jar:6.2.0]
	at org.springframework.security.web.header.HeaderWriterFilter.doHeadersAfter(HeaderWriterFilter.java:90) ~[spring-security-web-6.2.0.jar:6.2.0]
	at org.springframework.security.web.header.HeaderWriterFilter.doFilterInternal(HeaderWriterFilter.java:75) ~[spring-security-web-6.2.0.jar:6.2.0]
	at org.springframework.web.filter.OncePerRequestFilter.doFilter(OncePerRequestFilter.java:116) ~[spring-web-6.1.1.jar:6.1.1]
	at org.springframework.security.web.FilterChainProxy$VirtualFilterChain.doFilter(FilterChainProxy.java:374) ~[spring-security-web-6.2.0.jar:6.2.0]
	at org.springframework.security.web.context.SecurityContextHolderFilter.doFilter(SecurityContextHolderFilter.java:82) ~[spring-security-web-6.2.0.jar:6.2.0]
	at org.springframework.security.web.context.SecurityContextHolderFilter.doFilter(SecurityContextHolderFilter.java:69) ~[spring-security-web-6.2.0.jar:6.2.0]
	at org.springframework.security.web.FilterChainProxy$VirtualFilterChain.doFilter(FilterChainProxy.java:374) ~[spring-security-web-6.2.0.jar:6.2.0]
	at org.springframework.security.web.context.request.async.WebAsyncManagerIntegrationFilter.doFilterInternal(WebAsyncManagerIntegrationFilter.java:62) ~[spring-security-web-6.2.0.jar:6.2.0]
	at org.springframework.web.filter.OncePerRequestFilter.doFilter(OncePerRequestFilter.java:116) ~[spring-web-6.1.1.jar:6.1.1]
	at org.springframework.security.web.FilterChainProxy$VirtualFilterChain.doFilter(FilterChainProxy.java:374) ~[spring-security-web-6.2.0.jar:6.2.0]
	at org.springframework.security.web.session.DisableEncodeUrlFilter.doFilterInternal(DisableEncodeUrlFilter.java:42) ~[spring-security-web-6.2.0.jar:6.2.0]
	at org.springframework.web.filter.OncePerRequestFilter.doFilter(OncePerRequestFilter.java:116) ~[spring-web-6.1.1.jar:6.1.1]
	at org.springframework.security.web.FilterChainProxy$VirtualFilterChain.doFilter(FilterChainProxy.java:374) ~[spring-security-web-6.2.0.jar:6.2.0]
	at org.springframework.security.web.FilterChainProxy.doFilterInternal(FilterChainProxy.java:233) ~[spring-security-web-6.2.0.jar:6.2.0]
	at org.springframework.security.web.FilterChainProxy.doFilter(FilterChainProxy.java:191) ~[spring-security-web-6.2.0.jar:6.2.0]
	at org.springframework.web.filter.DelegatingFilterProxy.invokeDelegate(DelegatingFilterProxy.java:352) ~[spring-web-6.1.1.jar:6.1.1]
	at org.springframework.web.filter.DelegatingFilterProxy.doFilter(DelegatingFilterProxy.java:268) ~[spring-web-6.1.1.jar:6.1.1]
	at org.apache.catalina.core.ApplicationFilterChain.internalDoFilter(ApplicationFilterChain.java:174) ~[tomcat-embed-core-10.1.16.jar:10.1.16]
	at org.apache.catalina.core.ApplicationFilterChain.doFilter(ApplicationFilterChain.java:149) ~[tomcat-embed-core-10.1.16.jar:10.1.16]
	at org.springframework.web.filter.RequestContextFilter.doFilterInternal(RequestContextFilter.java:100) ~[spring-web-6.1.1.jar:6.1.1]
	at org.springframework.web.filter.OncePerRequestFilter.doFilter(OncePerRequestFilter.java:116) ~[spring-web-6.1.1.jar:6.1.1]
	at org.apache.catalina.core.ApplicationFilterChain.internalDoFilter(ApplicationFilterChain.java:174) ~[tomcat-embed-core-10.1.16.jar:10.1.16]
	at org.apache.catalina.core.ApplicationFilterChain.doFilter(ApplicationFilterChain.java:149) ~[tomcat-embed-core-10.1.16.jar:10.1.16]
	at org.springframework.web.filter.FormContentFilter.doFilterInternal(FormContentFilter.java:93) ~[spring-web-6.1.1.jar:6.1.1]
	at org.springframework.web.filter.OncePerRequestFilter.doFilter(OncePerRequestFilter.java:116) ~[spring-web-6.1.1.jar:6.1.1]
	at org.apache.catalina.core.ApplicationFilterChain.internalDoFilter(ApplicationFilterChain.java:174) ~[tomcat-embed-core-10.1.16.jar:10.1.16]
	at org.apache.catalina.core.ApplicationFilterChain.doFilter(ApplicationFilterChain.java:149) ~[tomcat-embed-core-10.1.16.jar:10.1.16]
	at org.springframework.web.filter.CharacterEncodingFilter.doFilterInternal(CharacterEncodingFilter.java:201) ~[spring-web-6.1.1.jar:6.1.1]
	at org.springframework.web.filter.OncePerRequestFilter.doFilter(OncePerRequestFilter.java:116) ~[spring-web-6.1.1.jar:6.1.1]
	at org.apache.catalina.core.ApplicationFilterChain.internalDoFilter(ApplicationFilterChain.java:174) ~[tomcat-embed-core-10.1.16.jar:10.1.16]
	at org.apache.catalina.core.ApplicationFilterChain.doFilter(ApplicationFilterChain.java:149) ~[tomcat-embed-core-10.1.16.jar:10.1.16]
	at org.apache.catalina.core.StandardWrapperValve.invoke(StandardWrapperValve.java:167) ~[tomcat-embed-core-10.1.16.jar:10.1.16]
	at org.apache.catalina.core.StandardContextValve.invoke(StandardContextValve.java:90) ~[tomcat-embed-core-10.1.16.jar:10.1.16]
	at org.apache.catalina.authenticator.AuthenticatorBase.invoke(AuthenticatorBase.java:482) ~[tomcat-embed-core-10.1.16.jar:10.1.16]
	at org.apache.catalina.core.StandardHostValve.invoke(StandardHostValve.java:115) ~[tomcat-embed-core-10.1.16.jar:10.1.16]
	at org.apache.catalina.valves.ErrorReportValve.invoke(ErrorReportValve.java:93) ~[tomcat-embed-core-10.1.16.jar:10.1.16]
	at org.apache.catalina.core.StandardEngineValve.invoke(StandardEngineValve.java:74) ~[tomcat-embed-core-10.1.16.jar:10.1.16]
	at org.apache.catalina.connector.CoyoteAdapter.service(CoyoteAdapter.java:340) ~[tomcat-embed-core-10.1.16.jar:10.1.16]
	at org.apache.coyote.http11.Http11Processor.service(Http11Processor.java:391) ~[tomcat-embed-core-10.1.16.jar:10.1.16]
	at org.apache.coyote.AbstractProcessorLight.process(AbstractProcessorLight.java:63) ~[tomcat-embed-core-10.1.16.jar:10.1.16]
	at org.apache.coyote.AbstractProtocol$ConnectionHandler.process(AbstractProtocol.java:896) ~[tomcat-embed-core-10.1.16.jar:10.1.16]
	at org.apache.tomcat.util.net.NioEndpoint$SocketProcessor.doRun(NioEndpoint.java:1744) ~[tomcat-embed-core-10.1.16.jar:10.1.16]
	at org.apache.tomcat.util.net.SocketProcessorBase.run(SocketProcessorBase.java:52) ~[tomcat-embed-core-10.1.16.jar:10.1.16]
	at org.apache.tomcat.util.threads.ThreadPoolExecutor.runWorker(ThreadPoolExecutor.java:1191) ~[tomcat-embed-core-10.1.16.jar:10.1.16]
	at org.apache.tomcat.util.threads.ThreadPoolExecutor$Worker.run(ThreadPoolExecutor.java:659) ~[tomcat-embed-core-10.1.16.jar:10.1.16]
	at org.apache.tomcat.util.threads.TaskThread$WrappingRunnable.run(TaskThread.java:61) ~[tomcat-embed-core-10.1.16.jar:10.1.16]
	at java.base/java.lang.Thread.run(Thread.java:1474) ~[na:na]
Caused by: org.eclipse.angus.mail.util.MailConnectException: Couldn't connect to host, port: smtp.gmail.com, 587; timeout -1
	at org.eclipse.angus.mail.smtp.SMTPTransport.openServer(SMTPTransport.java:2243) ~[jakarta.mail-2.0.2.jar:na]
	at org.eclipse.angus.mail.smtp.SMTPTransport.protocolConnect(SMTPTransport.java:729) ~[jakarta.mail-2.0.2.jar:na]
	at jakarta.mail.Service.connect(Service.java:345) ~[jakarta.mail-2.0.2.jar:na]
	at org.springframework.mail.javamail.JavaMailSenderImpl.connectTransport(JavaMailSenderImpl.java:480) ~[spring-context-support-6.1.1.jar:6.1.1]
	at org.springframework.mail.javamail.JavaMailSenderImpl.doSend(JavaMailSenderImpl.java:399) ~[spring-context-support-6.1.1.jar:6.1.1]
	... 94 common frames omitted
Caused by: java.net.UnknownHostException: smtp.gmail.com
	at java.base/sun.nio.ch.NioSocketImpl.connect(NioSocketImpl.java:569) ~[na:na]
	at java.base/java.net.SocksSocketImpl.connect(SocksSocketImpl.java:284) ~[na:na]
	at java.base/java.net.Socket.connect(Socket.java:659) ~[na:na]
	at java.base/java.net.Socket.connect(Socket.java:597) ~[na:na]
	at org.eclipse.angus.mail.util.SocketFetcher.createSocket(SocketFetcher.java:360) ~[jakarta.mail-2.0.2.jar:na]
	at org.eclipse.angus.mail.util.SocketFetcher.getSocket(SocketFetcher.java:235) ~[jakarta.mail-2.0.2.jar:na]
	at org.eclipse.angus.mail.smtp.SMTPTransport.openServer(SMTPTransport.java:2193) ~[jakarta.mail-2.0.2.jar:na]
	... 98 common frames omitted

2026-05-05T11:58:36.942+05:30  INFO 8876 --- [farming-equipment-rental-system] [http-nio-8080-exec-19] c.f.r.controller.api.AuthApiController   : API OTP request for: vaibhavkedar88@gmail.com
2026-05-05T11:58:36.944+05:30  INFO 8876 --- [farming-equipment-rental-system] [http-nio-8080-exec-19] com.farming.rental.service.OTPService    : Generating OTP for email: vaibhavkedar88@gmail.com
2026-05-05T11:58:42.683+05:30  INFO 8876 --- [farming-equipment-rental-system] [http-nio-8080-exec-19] c.farming.rental.service.EmailService    : OTP email sent successfully to: vaibhavkedar88@gmail.com
2026-05-05T11:58:42.684+05:30  INFO 8876 --- [farming-equipment-rental-system] [http-nio-8080-exec-19] com.farming.rental.service.OTPService    : OTP generated and sent to vaibhavkedar88@gmail.com: (Valid until 2026-05-05T12:08:36.944422500)
2026-05-05T11:58:57.945+05:30  INFO 8876 --- [farming-equipment-rental-system] [http-nio-8080-exec-9] c.f.r.controller.api.AuthApiController   : API OTP verification for: vaibhavkedar88@gmail.com
2026-05-05T11:58:57.946+05:30  INFO 8876 --- [farming-equipment-rental-system] [http-nio-8080-exec-9] com.farming.rental.service.OTPService    : Verifying OTP for email: vaibhavkedar88@gmail.com
2026-05-05T11:58:57.955+05:30  WARN 8876 --- [farming-equipment-rental-system] [http-nio-8080-exec-9] com.farming.rental.service.OTPService    : Invalid OTP code for email: vaibhavkedar88@gmail.com
2026-05-05T11:59:06.536+05:30  INFO 8876 --- [farming-equipment-rental-system] [http-nio-8080-exec-8] c.f.r.controller.api.AuthApiController   : API OTP verification for: vaibhavkedar88@gmail.com
2026-05-05T11:59:06.537+05:30  INFO 8876 --- [farming-equipment-rental-system] [http-nio-8080-exec-8] com.farming.rental.service.OTPService    : Verifying OTP for email: vaibhavkedar88@gmail.com
2026-05-05T11:59:06.575+05:30  INFO 8876 --- [farming-equipment-rental-system] [http-nio-8080-exec-8] com.farming.rental.service.OTPService    : User authenticated via OTP: vaibhavkedar88@gmail.com
2026-05-05T12:00:31.547+05:30  INFO 8876 --- [farming-equipment-rental-system] [http-nio-8080-exec-11] c.farming.rental.service.BookingService  : Creating booking for farmer: 69a404a04acdfb3a7581ee86 equipment: 69db70def050196528fe2341
2026-05-05T12:01:11.464+05:30  INFO 8876 --- [farming-equipment-rental-system] [http-nio-8080-exec-19] c.f.r.controller.api.AuthApiController   : API OTP request for: vaibhav6868patil@gmail.com
2026-05-05T12:01:11.466+05:30  INFO 8876 --- [farming-equipment-rental-system] [http-nio-8080-exec-19] com.farming.rental.service.OTPService    : Generating OTP for email: vaibhav6868patil@gmail.com
2026-05-05T12:01:16.807+05:30  INFO 8876 --- [farming-equipment-rental-system] [http-nio-8080-exec-19] c.farming.rental.service.EmailService    : OTP email sent successfully to: vaibhav6868patil@gmail.com
2026-05-05T12:01:16.807+05:30  INFO 8876 --- [farming-equipment-rental-system] [http-nio-8080-exec-19] com.farming.rental.service.OTPService    : OTP generated and sent to vaibhav6868patil@gmail.com: (Valid until 2026-05-05T12:11:11.467969)
2026-05-05T12:01:30.051+05:30  INFO 8876 --- [farming-equipment-rental-system] [http-nio-8080-exec-2] c.f.r.controller.api.AuthApiController   : API OTP verification for: vaibhav6868patil@gmail.com
2026-05-05T12:01:30.052+05:30  INFO 8876 --- [farming-equipment-rental-system] [http-nio-8080-exec-2] com.farming.rental.service.OTPService    : Verifying OTP for email: vaibhav6868patil@gmail.com
2026-05-05T12:01:30.080+05:30  INFO 8876 --- [farming-equipment-rental-system] [http-nio-8080-exec-2] com.farming.rental.service.OTPService    : User authenticated via OTP: vaibhav6868patil@gmail.com
2026-05-05T12:02:04.571+05:30  INFO 8876 --- [farming-equipment-rental-system] [http-nio-8080-exec-11] c.farming.rental.service.BookingService  : Approving booking: 69aa6cd008aa3a6157167259
2026-05-05T12:02:06.987+05:30  INFO 8876 --- [farming-equipment-rental-system] [http-nio-8080-exec-15] c.farming.rental.service.BookingService  : Approving booking: 69aa6cd008aa3a6157167259
2026-05-05T12:02:08.997+05:30  INFO 8876 --- [farming-equipment-rental-system] [http-nio-8080-exec-17] c.farming.rental.service.BookingService  : Approving booking: 69aa6cd008aa3a6157167259
2026-05-05T12:02:09.580+05:30  INFO 8876 --- [farming-equipment-rental-system] [http-nio-8080-exec-14] c.farming.rental.service.BookingService  : Approving booking: 69aa6cd008aa3a6157167259
2026-05-05T12:02:09.734+05:30  INFO 8876 --- [farming-equipment-rental-system] [http-nio-8080-exec-16] c.farming.rental.service.BookingService  : Approving booking: 69aa6cd008aa3a6157167259
2026-05-05T12:02:09.951+05:30  INFO 8876 --- [farming-equipment-rental-system] [http-nio-8080-exec-10] c.farming.rental.service.BookingService  : Approving booking: 69aa6cd008aa3a6157167259
2026-05-05T12:02:10.359+05:30  INFO 8876 --- [farming-equipment-rental-system] [http-nio-8080-exec-11] c.farming.rental.service.EmailService    : Email with attachment sent successfully to: vaibhavkedar88@gmail.com
2026-05-05T12:02:10.361+05:30  INFO 8876 --- [farming-equipment-rental-system] [http-nio-8080-exec-11] c.farming.rental.service.BookingService  : Invoice email sent for booking: 69aa6cd008aa3a6157167259
2026-05-05T12:02:12.518+05:30  INFO 8876 --- [farming-equipment-rental-system] [http-nio-8080-exec-15] c.farming.rental.service.EmailService    : Email with attachment sent successfully to: vaibhavkedar88@gmail.com
2026-05-05T12:02:12.520+05:30  INFO 8876 --- [farming-equipment-rental-system] [http-nio-8080-exec-15] c.farming.rental.service.BookingService  : Invoice email sent for booking: 69aa6cd008aa3a6157167259
2026-05-05T12:02:14.149+05:30  INFO 8876 --- [farming-equipment-rental-system] [http-nio-8080-exec-17] c.farming.rental.service.EmailService    : Email with attachment sent successfully to: vaibhavkedar88@gmail.com
2026-05-05T12:02:14.151+05:30  INFO 8876 --- [farming-equipment-rental-system] [http-nio-8080-exec-17] c.farming.rental.service.BookingService  : Invoice email sent for booking: 69aa6cd008aa3a6157167259
2026-05-05T12:02:15.275+05:30  INFO 8876 --- [farming-equipment-rental-system] [http-nio-8080-exec-14] c.farming.rental.service.EmailService    : Email with attachment sent successfully to: vaibhavkedar88@gmail.com
2026-05-05T12:02:15.276+05:30  INFO 8876 --- [farming-equipment-rental-system] [http-nio-8080-exec-14] c.farming.rental.service.BookingService  : Invoice email sent for booking: 69aa6cd008aa3a6157167259
2026-05-05T12:02:15.686+05:30  INFO 8876 --- [farming-equipment-rental-system] [http-nio-8080-exec-16] c.farming.rental.service.EmailService    : Email with attachment sent successfully to: vaibhavkedar88@gmail.com
2026-05-05T12:02:15.686+05:30  INFO 8876 --- [farming-equipment-rental-system] [http-nio-8080-exec-16] c.farming.rental.service.BookingService  : Invoice email sent for booking: 69aa6cd008aa3a6157167259
2026-05-05T12:02:16.094+05:30  INFO 8876 --- [farming-equipment-rental-system] [http-nio-8080-exec-10] c.farming.rental.service.EmailService    : Email with attachment sent successfully to: vaibhavkedar88@gmail.com
2026-05-05T12:02:16.095+05:30  INFO 8876 --- [farming-equipment-rental-system] [http-nio-8080-exec-10] c.farming.rental.service.BookingService  : Invoice email sent for booking: 69aa6cd008aa3a6157167259
